#-----------------------------------------------------------
# Vivado v2025.2 (64-bit)
# SW Build 6299465 on Fri Nov 14 19:35:11 GMT 2025
# IP Build 6300035 on Fri Nov 14 10:48:45 MST 2025
# SharedData Build 6298862 on Thu Nov 13 04:50:51 MST 2025
# Start of session at: Tue Mar 31 18:02:22 2026
# Process ID         : 25928
# Current directory  : C:/Users/rache/OneDrive/Desktop/Duke/ECE350/ece350_final_proj/testing_drawing_w_processor/testing_drawing_w_processor.runs/synth_1
# Command line       : vivado.exe -log FinalProjectVGAProcessor.vds -product Vivado -mode batch -messageDb vivado.pb -notrace -source FinalProjectVGAProcessor.tcl
# Log file           : C:/Users/rache/OneDrive/Desktop/Duke/ECE350/ece350_final_proj/testing_drawing_w_processor/testing_drawing_w_processor.runs/synth_1/FinalProjectVGAProcessor.vds
# Journal file       : C:/Users/rache/OneDrive/Desktop/Duke/ECE350/ece350_final_proj/testing_drawing_w_processor/testing_drawing_w_processor.runs/synth_1\vivado.jou
# Running On         : rachelsLaptop
# Platform           : Windows Server 2016 or Windows 10
# Operating System   : 26200
# Processor Detail   : Intel(R) Core(TM) Ultra 7 165U
# CPU Frequency      : 2688 MHz
# CPU Physical cores : 12
# CPU Logical cores  : 14
# Host memory        : 33782 MB
# Swap memory        : 8053 MB
# Total Virtual      : 41835 MB
# Available Virtual  : 8463 MB
#-----------------------------------------------------------
source FinalProjectVGAProcessor.tcl -notrace
