Copyright 1986-2022 Xilinx, Inc. All Rights Reserved. Copyright 2022-2025 Advanced Micro Devices, Inc. All Rights Reserved.
---------------------------------------------------------------------------------------------------------------------------------------------
| Tool Version : Vivado v.2025.2 (win64) Build 6299465 Fri Nov 14 19:35:11 GMT 2025
| Date         : Sat Mar 28 20:54:23 2026
| Host         : rachelsLaptop running 64-bit major release  (build 9200)
| Command      : report_control_sets -verbose -file FinalProjectVGABehavioral_control_sets_placed.rpt
| Design       : FinalProjectVGABehavioral
| Device       : xc7a100t
---------------------------------------------------------------------------------------------------------------------------------------------

Control Set Information

Table of Contents
-----------------
1. Summary
2. Histogram
3. Flip-Flop Distribution
4. Detailed Control Set Information

1. Summary
----------

+----------------------------------------------------------+-------+
|                          Status                          | Count |
+----------------------------------------------------------+-------+
| Total control sets                                       |    44 |
|    Minimum number of control sets                        |    44 |
|    Addition due to synthesis replication                 |     0 |
|    Addition due to physical synthesis replication        |     0 |
| Unused register locations in slices containing registers |    24 |
+----------------------------------------------------------+-------+
* Control sets can be merged at opt_design using control_set_merge or merge_equivalent_drivers
** Run report_qor_suggestions for automated merging and remapping suggestions


2. Histogram
------------

+--------------------+-------+
|       Fanout       | Count |
+--------------------+-------+
| Total control sets |    44 |
| >= 0 to < 4        |     1 |
| >= 4 to < 6        |     1 |
| >= 6 to < 8        |     0 |
| >= 8 to < 10       |    37 |
| >= 10 to < 12      |     1 |
| >= 12 to < 14      |     3 |
| >= 14 to < 16      |     1 |
| >= 16              |     0 |
+--------------------+-------+
* Control sets can be remapped at either synth_design or opt_design


3. Flip-Flop Distribution
-------------------------

+--------------+-----------------------+------------------------+-----------------+--------------+
| Clock Enable | Synchronous Set/Reset | Asynchronous Set/Reset | Total Registers | Total Slices |
+--------------+-----------------------+------------------------+-----------------+--------------+
| No           | No                    | No                     |               1 |            1 |
| No           | No                    | Yes                    |              14 |            6 |
| No           | Yes                   | No                     |               0 |            0 |
| Yes          | No                    | No                     |               0 |            0 |
| Yes          | No                    | Yes                    |              49 |           19 |
| Yes          | Yes                   | No                     |               0 |            0 |
+--------------+-----------------------+------------------------+-----------------+--------------+


4. Detailed Control Set Information
-----------------------------------

+--------------------+-------------------------------------+------------------+------------------+----------------+--------------+
|    Clock Signal    |            Enable Signal            | Set/Reset Signal | Slice Load Count | Bel Load Count | Bels / Slice |
+--------------------+-------------------------------------+------------------+------------------+----------------+--------------+
|  pll/inst/clk_out1 |                                     |                  |                1 |              1 |         1.00 |
|  pll/inst/clk_out1 | canvas_reg_r1_0_63_0_0_i_1_n_0      |                  |                2 |              4 |         2.00 |
|  pll/inst/clk_out1 | canvas_reg_r1_3968_4095_0_0_i_1_n_0 |                  |                2 |              8 |         4.00 |
|  pll/inst/clk_out1 | canvas_reg_r1_4096_4223_0_0_i_1_n_0 |                  |                2 |              8 |         4.00 |
|  pll/inst/clk_out1 | canvas_reg_r1_4352_4479_0_0_i_1_n_0 |                  |                2 |              8 |         4.00 |
|  pll/inst/clk_out1 | canvas_reg_r1_512_639_0_0_i_1_n_0   |                  |                2 |              8 |         4.00 |
|  pll/inst/clk_out1 | canvas_reg_r1_128_255_0_0_i_1_n_0   |                  |                2 |              8 |         4.00 |
|  pll/inst/clk_out1 | canvas_reg_r1_1280_1407_0_0_i_1_n_0 |                  |                2 |              8 |         4.00 |
|  pll/inst/clk_out1 | canvas_reg_r1_1408_1535_0_0_i_1_n_0 |                  |                2 |              8 |         4.00 |
|  pll/inst/clk_out1 | canvas_reg_r1_1536_1663_0_0_i_1_n_0 |                  |                2 |              8 |         4.00 |
|  pll/inst/clk_out1 | canvas_reg_r1_0_127_0_0_i_2_n_0     |                  |                2 |              8 |         4.00 |
|  pll/inst/clk_out1 | canvas_reg_r1_1024_1151_0_0_i_1_n_0 |                  |                2 |              8 |         4.00 |
|  pll/inst/clk_out1 | canvas_reg_r1_1152_1279_0_0_i_1_n_0 |                  |                2 |              8 |         4.00 |
|  pll/inst/clk_out1 | canvas_reg_r1_1920_2047_0_0_i_1_n_0 |                  |                2 |              8 |         4.00 |
|  pll/inst/clk_out1 | canvas_reg_r1_3072_3199_0_0_i_1_n_0 |                  |                2 |              8 |         4.00 |
|  pll/inst/clk_out1 | canvas_reg_r1_3712_3839_0_0_i_1_n_0 |                  |                2 |              8 |         4.00 |
|  pll/inst/clk_out1 | canvas_reg_r1_2176_2303_0_0_i_1_n_0 |                  |                2 |              8 |         4.00 |
|  pll/inst/clk_out1 | canvas_reg_r1_1792_1919_0_0_i_1_n_0 |                  |                2 |              8 |         4.00 |
|  pll/inst/clk_out1 | canvas_reg_r1_3328_3455_0_0_i_1_n_0 |                  |                2 |              8 |         4.00 |
|  pll/inst/clk_out1 | canvas_reg_r1_3840_3967_0_0_i_1_n_0 |                  |                2 |              8 |         4.00 |
|  pll/inst/clk_out1 | canvas_reg_r1_384_511_0_0_i_1_n_0   |                  |                2 |              8 |         4.00 |
|  pll/inst/clk_out1 | canvas_reg_r1_3456_3583_0_0_i_1_n_0 |                  |                2 |              8 |         4.00 |
|  pll/inst/clk_out1 | canvas_reg_r1_2944_3071_0_0_i_1_n_0 |                  |                2 |              8 |         4.00 |
|  pll/inst/clk_out1 | canvas_reg_r1_3584_3711_0_0_i_1_n_0 |                  |                2 |              8 |         4.00 |
|  pll/inst/clk_out1 | canvas_reg_r1_1664_1791_0_0_i_1_n_0 |                  |                2 |              8 |         4.00 |
|  pll/inst/clk_out1 | canvas_reg_r1_256_383_0_0_i_1_n_0   |                  |                2 |              8 |         4.00 |
|  pll/inst/clk_out1 | canvas_reg_r1_2688_2815_0_0_i_1_n_0 |                  |                2 |              8 |         4.00 |
|  pll/inst/clk_out1 | canvas_reg_r1_2432_2559_0_0_i_1_n_0 |                  |                2 |              8 |         4.00 |
|  pll/inst/clk_out1 | canvas_reg_r1_2304_2431_0_0_i_1_n_0 |                  |                2 |              8 |         4.00 |
|  pll/inst/clk_out1 | canvas_reg_r1_2048_2175_0_0_i_1_n_0 |                  |                2 |              8 |         4.00 |
|  pll/inst/clk_out1 | canvas_reg_r1_2816_2943_0_0_i_1_n_0 |                  |                2 |              8 |         4.00 |
|  pll/inst/clk_out1 | canvas_reg_r1_2560_2687_0_0_i_1_n_0 |                  |                2 |              8 |         4.00 |
|  pll/inst/clk_out1 | canvas_reg_r1_3200_3327_0_0_i_1_n_0 |                  |                2 |              8 |         4.00 |
|  pll/inst/clk_out1 | canvas_reg_r1_4608_4735_0_0_i_1_n_0 |                  |                2 |              8 |         4.00 |
|  pll/inst/clk_out1 | canvas_reg_r1_4480_4607_0_0_i_1_n_0 |                  |                2 |              8 |         4.00 |
|  pll/inst/clk_out1 | canvas_reg_r1_768_895_0_0_i_1_n_0   |                  |                2 |              8 |         4.00 |
|  pll/inst/clk_out1 | canvas_reg_r1_640_767_0_0_i_1_n_0   |                  |                2 |              8 |         4.00 |
|  pll/inst/clk_out1 | canvas_reg_r1_4224_4351_0_0_i_1_n_0 |                  |                2 |              8 |         4.00 |
|  pll/inst/clk_out1 | canvas_reg_r1_896_1023_0_0_i_1_n_0  |                  |                2 |              8 |         4.00 |
|  pll/inst/clk_out1 | Display/vPos[0]                     | reset_IBUF       |                5 |             10 |         2.00 |
|  pll/inst/clk_out1 | Display/E[0]                        | reset_IBUF       |                4 |             13 |         3.25 |
|  pll/inst/clk_out1 | Display/painting_reg[0]             | reset_IBUF       |                6 |             13 |         2.17 |
|  pll/inst/clk_out1 | clear_addr[0]_i_1_n_0               | reset_IBUF       |                4 |             13 |         3.25 |
|  pll/inst/clk_out1 |                                     | reset_IBUF       |                6 |             14 |         2.33 |
+--------------------+-------------------------------------+------------------+------------------+----------------+--------------+


